// Jest Snapshot v1, https://goo.gl/fbAQLP

exports[`Image Component with styles should render correctly and match snapshots 1`] = `<Component />`;
