// Jest Snapshot v1, https://goo.gl/fbAQLP

exports[`Button Component should render correctly 1`] = `
<button
  aria-label={null}
  disabled={false}
  type="button"
>
  Submit
</button>
`;
