// Jest Snapshot v1, https://goo.gl/fbAQLP

exports[`PaymentMethod component should render correctly 1`] = `
<div
  className=""
>
  <label
    htmlFor="1"
  >
    <span
      className=""
    />
    <textarea
      data-error={false}
      id="1"
    />
  </label>
</div>
`;

exports[`PaymentMethodStyle component should render correctly 1`] = `
.c0 label {
  width: 100%;
  display: -webkit-box;
  display: -webkit-flex;
  display: -ms-flexbox;
  display: flex;
}

.c0 textarea {
  border: none;
  width: 0;
  -webkit-flex: 1 1;
  -ms-flex: 1 1;
  flex: 1 1;
  height: 200px;
}

.c0 textarea:focus {
  outline: none;
}

.c0 textarea:focus {
  outline: none;
}

.c0 textarea:focus {
  outline: none;
}

.c0 textarea:focus {
  outline: none;
}

.c0 .error {
  font-size: 10px;
  -webkit-letter-spacing: 1px;
  -moz-letter-spacing: 1px;
  -ms-letter-spacing: 1px;
  letter-spacing: 1px;
  text-align: left;
  margin-top: 5px;
}

<TextArea
  backgroundColorDisabled="grey"
  backgroundColorPrimary="#fff"
  backgroundColorSecondary="#eaf2f6"
  backgroundColorSuccess="#2e993a"
  brandPrimaryColor="#006193"
  buttonBackgroundColorPrimary="#e57725"
  buttonBackgroundColorSecondary="#016fad"
  buttonColorPrimary="#ffffff"
  buttonColorSecondary="#ffffff"
  cautionBackgroundColor="#fffdf3"
  className="c0"
  colorOutline="#999"
  containerShadowPrimary="rgba(0,0,0,.2)"
  deviceType="desktop"
  errorMessage="error"
  fieldBorderColor="#bfbfbf"
  fieldBorderDisabledColor="#bfdfdf"
  fieldBorderErrorColor="#c00"
  fieldBorderFocusColor="#006193"
  fontBold="700"
  fontBook="400"
  fontFamilyDefault="Arial, Helvetica, sans-serif"
  fontFamilyIcon=""
  fontFamilyPrimary="Arial, Helvetica, sans-serif"
  fontFamilySecondary="Arial, Helvetica, sans-serif"
  fontMedium="500"
  fontNormal="normal"
  fontSemiBold="600"
  fontSizeBase="16px"
  fontSizeButtonPrimary="24px"
  fontSizeButtonSecondary="16px"
  fontSizeDefault="12px"
  hideLabel={false}
  iconClass=""
  id="1"
  inheritedStyles=""
  isError={false}
  labelContent=""
  letterSpacing="1px"
  lineHeightBase="1.5"
  linkColorPrimary="#008CBA"
  textColorError="#c00"
  textColorPlaceholder="#dfdfdf"
  textColorPrimary="#222"
  textColorSecondary="#262626"
  textColorSuccess="#2e993a"
  zIndex={
    Object {
      "zFilter": 100,
      "zFilterActions": 400,
      "zFilterList": 150,
      "zFlyout": 200,
      "zLoader": 1000,
      "zMenu": 800,
      "zNativeTickSelectIcon": 50,
      "zOverlay": 900,
      "zPlacesAutocomplete": 1100,
      "zSticky": 700,
    }
  }
/>
`;
