// Jest Snapshot v1, https://goo.gl/fbAQLP

exports[`Input should render correctly 1`] = `
.c0 .label-wrapper {
  padding-bottom: 8px;
  width: 100%;
  display: -webkit-box;
  display: -webkit-flex;
  display: -ms-flexbox;
  display: flex;
  position: relative;
}

.c0 .label-wrapper label {
  height: 100%;
  font-weight: 700;
  font-size: 12px;
  color: #262626;
}

.c0 .label-wrapper .addOnComponentWrapper {
  -webkit-flex: 0 0 auto;
  -ms-flex: 0 0 auto;
  flex: 0 0 auto;
  height: 100%;
  font-size: 12px;
}

.c0 input {
  width: 100%;
  -webkit-tap-highlight-color: transparent;
  background-color: #fff;
  height: 100%;
  color: #262626;
  padding: 7px 8px;
  border: 1px solid;
  box-shadow: none;
  border-color: #bfbfbf;
}

.c0 input::-webkit-input-placeholder {
  color: #dfdfdf;
}

.c0 input::-moz-placeholder {
  color: #dfdfdf;
}

.c0 input:-ms-input-placeholder {
  color: #dfdfdf;
}

.c0 input::placeholder {
  color: #dfdfdf;
}

.c0 input::-ms-clear {
  display: none;
}

.c0 input:disabled {
  background: grey;
  color: #dfdfdf;
  border: 1px solid #bfdfdf;
}

.c0 input:focus {
  outline: none;
  border-color: #006193;
}

.c0 input:-webkit-autofill {
  background-color: #bfbfbf;
}

<div
  className="c0"
>
  <div
    className="label-wrapper"
  >
    <label
      htmlFor="test"
    >
      
    </label>
  </div>
  <div
    className="input-wrapper"
  >
    <input
      aria-invalid={null}
      aria-required={null}
      data-slnm-id=""
      deviceType="desktop"
      id="test"
      maxLength={100}
      onChange={[Function]}
      onKeyUp={[Function]}
      placeholder=""
      theme={
        Object {
          "backgroundColorDisabled": "grey",
          "backgroundColorPrimary": "#fff",
          "backgroundColorSecondary": "#eaf2f6",
          "backgroundColorSuccess": "#2e993a",
          "brandPrimaryColor": "#006193",
          "buttonBackgroundColorPrimary": "#e57725",
          "buttonBackgroundColorSecondary": "#016fad",
          "buttonColorPrimary": "#ffffff",
          "buttonColorSecondary": "#ffffff",
          "cautionBackgroundColor": "#fffdf3",
          "colorOutline": "#999",
          "containerShadowPrimary": "rgba(0,0,0,.2)",
          "deviceType": "desktop",
          "fieldBorderColor": "#bfbfbf",
          "fieldBorderDisabledColor": "#bfdfdf",
          "fieldBorderErrorColor": "#c00",
          "fieldBorderFocusColor": "#006193",
          "fontBold": "700",
          "fontBook": "400",
          "fontFamilyDefault": "Arial, Helvetica, sans-serif",
          "fontFamilyIcon": "",
          "fontFamilyPrimary": "Arial, Helvetica, sans-serif",
          "fontFamilySecondary": "Arial, Helvetica, sans-serif",
          "fontMedium": "500",
          "fontNormal": "normal",
          "fontSemiBold": "600",
          "fontSizeBase": "16px",
          "fontSizeButtonPrimary": "24px",
          "fontSizeButtonSecondary": "16px",
          "fontSizeDefault": "12px",
          "letterSpacing": "1px",
          "lineHeightBase": "1.5",
          "linkColorPrimary": "#008CBA",
          "textColorError": "#c00",
          "textColorPlaceholder": "#dfdfdf",
          "textColorPrimary": "#222",
          "textColorSecondary": "#262626",
          "textColorSuccess": "#2e993a",
          "zIndex": Object {
            "zFilter": 100,
            "zFilterActions": 400,
            "zFilterList": 150,
            "zFlyout": 200,
            "zLoader": 1000,
            "zMenu": 800,
            "zNativeTickSelectIcon": 50,
            "zOverlay": 900,
            "zPlacesAutocomplete": 1100,
            "zSticky": 700,
          },
        }
      }
      type="text"
      value=""
    />
  </div>
  
</div>
`;
