// Jest Snapshot v1, https://goo.gl/fbAQLP

exports[`SignIn with styles create snapshot with theme 1`] = `<Connect(Styled(SignIn)) />`;
